// Jest Snapshot v1, https://goo.gl/fbAQLP

exports[`WeatherCollection should create entity 1`] = `"<div class=\\"MuiBackdrop-root makeStyles-backdrop-1\\" aria-hidden=\\"true\\" style=\\"opacity:0\\"><div class=\\"MuiCircularProgress-root MuiCircularProgress-indeterminate\\" style=\\"width:40px;height:40px\\" role=\\"progressbar\\"><svg class=\\"MuiCircularProgress-svg\\" viewBox=\\"22 22 44 44\\"><circle class=\\"MuiCircularProgress-circle MuiCircularProgress-circleIndeterminate\\" cx=\\"44\\" cy=\\"44\\" r=\\"20.2\\" fill=\\"none\\" stroke-width=\\"3.6\\"></circle></svg></div></div>"`;

exports[`WeatherCollection should render correctly 1`] = `"<div class=\\"MuiBackdrop-root makeStyles-backdrop-1\\" aria-hidden=\\"true\\" style=\\"opacity:0\\"><div class=\\"MuiCircularProgress-root MuiCircularProgress-indeterminate\\" style=\\"width:40px;height:40px\\" role=\\"progressbar\\"><svg class=\\"MuiCircularProgress-svg\\" viewBox=\\"22 22 44 44\\"><circle class=\\"MuiCircularProgress-circle MuiCircularProgress-circleIndeterminate\\" cx=\\"44\\" cy=\\"44\\" r=\\"20.2\\" fill=\\"none\\" stroke-width=\\"3.6\\"></circle></svg></div></div>"`;
